// Jest Snapshot v1, https://goo.gl/fbAQLP

exports[`Toggle test suite matches snapshot 1`] = `
<button
  className="hamburger hamburger--collapse"
  onClick={[MockFunction]}
  style={Object {}}
  type="button"
>
  <span
    className="hamburger-box"
  >
    <span
      className="hamburger-inner"
    />
  </span>
</button>
`;
