// Jest Snapshot v1, https://goo.gl/fbAQLP

exports[`<LoginForm/> test suite matches snapshot 1`] = `
Array [
  <div
    className="image_container"
  />,
  <div
    className="overlay"
  >
    <div
      className="login"
    >
      <div>
        <h1
          className="title_h1 "
        >
          Login
        </h1>
      </div>
      <div
        className="blur__normal"
      >
        <div
          className="form"
        >
          <form
            onSubmit={[Function]}
          >
            <div
              className="form__buttonSpacing_large"
            >
              <button
                className="button button__submit button_full"
                disabled={false}
                style={Object {}}
                type="submit"
              >
                <p>
                  Submit
                </p>
                <svg
                  aria-hidden="true"
                  className="MuiSvgIcon-root"
                  focusable="false"
                  role="presentation"
                  viewBox="0 0 24 24"
                >
                  <path
                    d="M5 4v2h14V4H5zm0 10h4v6h6v-6h4l-7-7-7 7z"
                  />
                </svg>
              </button>
            </div>
          </form>
        </div>
      </div>
    </div>
  </div>,
]
`;
